// Jest Snapshot v1, https://goo.gl/fbAQLP

exports[`renders correctly 1`] = `
<div
  className="col-12"
  style={
    Object {
      "marginTop": 5,
    }
  }
>
  <div
    className="row"
  >
    <div
      className="col-12 col-md-5 card"
    >
      <img
        alt="Uthappizza"
        className="card-img"
        src="assets/images/uthappizza.png"
        width="100%"
      />
      <div
        className="card-title"
      >
        Uthappizza
      </div>
      <p
        className="card-text"
      >
        A unique combination of Indian Uthappam (pancake) and Italian pizza, topped with Cerignola olives, ripe vine cherry tomatoes, Vidalia onion, Guntur chillies and Buffalo Paneer.
      </p>
    </div>
    <div
      className="ui comments col-12 col-md-5"
    >
      <h1
        className="ui dividing header"
      >
        Comments
      </h1>
      <div
        className="comment"
      >
        <div
          className="content"
        >
          <div
            className="author"
          >
            John Lemon
          </div>
          <div
            className="metadata"
          >
            <div>
              2012-10-16T17:57:28.556094Z
            </div>
          </div>
          <div
            className="text"
          >
            Imagine all the eatables, living in conFusion!
          </div>
        </div>
      </div>
      <div
        className="comment"
      >
        <div
          className="content"
        >
          <div
            className="author"
          >
            Paul McVites
          </div>
          <div
            className="metadata"
          >
            <div>
              2014-09-05T17:57:28.556094Z
            </div>
          </div>
          <div
            className="text"
          >
            Sends anyone to heaven, I wish I could get my mother-in-law to eat it!
          </div>
        </div>
      </div>
    </div>
  </div>
</div>
`;
